C:\Users\Casa\Desktop\Eli\Archivos\Xpresso\LPC845_MatrizLedV0\src\01-pin\in/inputs.h:23:11:inputs::~inputs()	16	static
C:\Users\Casa\Desktop\Eli\Archivos\Xpresso\LPC845_MatrizLedV0\src\01-pin\in/inputs.h:23:11:virtual inputs::~inputs()	16	static
C:\Users\Casa\Desktop\Eli\Archivos\Xpresso\LPC845_MatrizLedV0\src\01-pin\out/outputs.h:50:11:outputs::~outputs()	16	static
C:\Users\Casa\Desktop\Eli\Archivos\Xpresso\LPC845_MatrizLedV0\src\01-pin\out/outputs.h:50:11:virtual outputs::~outputs()	16	static
C:\Users\Casa\Desktop\Eli\Archivos\Xpresso\LPC845_MatrizLedV0\src\02-gpio/gpio.h:42:7:gpio::~gpio()	16	static
C:\Users\Casa\Desktop\Eli\Archivos\Xpresso\LPC845_MatrizLedV0\src\02-gpio/gpio.h:42:7:virtual gpio::~gpio()	16	static
../src/Matriz/matriz.cpp:24:6:void MatrizLed(int)	16	static
../src/Matriz/matriz.cpp:31:6:void setLed(uint32_t, Led_WS2812B)	16	static
../src/Matriz/matriz.cpp:37:6:void setLeds(uint32_t, uint32_t, Led_WS2812B)	32	static
../src/Matriz/matriz.cpp:60:6:void setAllLeds(Led_WS2812B)	16	static
../src/Matriz/matriz.cpp:65:6:void clear()	16	static
../src/Matriz/matriz.cpp:77:13:Led_WS2812B Color(uint8_t, uint8_t, uint8_t)	32	static
../src/Matriz/matriz.cpp:94:6:void show()	8	static
../src/Matriz/matriz.cpp:117:6:void MdE_Ctimer_Matriz()	8	static
../src/Matriz/matriz.cpp:203:6:void setMatch0CTimer(uint32_t)	16	static
../src/Matriz/matriz.cpp:209:6:void pauseInterrupt(bool)	16	static
../src/Matriz/matriz.cpp:242:6:void enableCTimer(bool)	16	static
../src/Matriz/matriz.cpp:257:6:void GPIOtoMATCH0(bool)	16	static
../src/Matriz/matriz.cpp:267:1:void __static_initialization_and_destruction_0(int, int)	24	static
../src/Matriz/matriz.cpp:267:1:cpp)	8	static
