e:\programas\mcuxpressoide_11.8.0_1165\ide\plugins\com.nxp.mcuxpresso.tools.win32_11.8.0.202306131047\tools\arm-none-eabi\include\c++\12.2.1\new:174:33:void* operator new(std::size_t, void*)	16	static
e:\programas\mcuxpressoide_11.8.0_1165\ide\plugins\com.nxp.mcuxpresso.tools.win32_11.8.0.202306131047\tools\arm-none-eabi\include\c++\12.2.1\bits\stl_list.h:110:7:std::__detail::_List_node_header::_List_node_header()	16	static
e:\programas\mcuxpressoide_11.8.0_1165\ide\plugins\com.nxp.mcuxpresso.tools.win32_11.8.0.202306131047\tools\arm-none-eabi\include\c++\12.2.1\bits\stl_list.h:150:7:void std::__detail::_List_node_header::_M_init()	16	static
C:\Users\Casa\Desktop\Eli\Archivos\Xpresso\LPC845_4enLinea\src\Modulos\01-pin\in/inputs.h:23:11:inputs::~inputs()	16	static
C:\Users\Casa\Desktop\Eli\Archivos\Xpresso\LPC845_4enLinea\src\Modulos\01-pin\in/inputs.h:23:11:virtual inputs::~inputs()	16	static
C:\Users\Casa\Desktop\Eli\Archivos\Xpresso\LPC845_4enLinea\src\Modulos\01-pin\out/outputs.h:50:11:outputs::~outputs()	16	static
C:\Users\Casa\Desktop\Eli\Archivos\Xpresso\LPC845_4enLinea\src\Modulos\01-pin\out/outputs.h:50:11:virtual outputs::~outputs()	16	static
C:\Users\Casa\Desktop\Eli\Archivos\Xpresso\LPC845_4enLinea\src\Modulos\02-gpio/gpio.h:42:7:gpio::~gpio()	16	static
C:\Users\Casa\Desktop\Eli\Archivos\Xpresso\LPC845_4enLinea\src\Modulos\02-gpio/gpio.h:42:7:virtual gpio::~gpio()	16	static
C:\Users\Casa\Desktop\Eli\Archivos\Xpresso\LPC845_4enLinea\src\Modulos\05-SalidasDigitales/digital_outputs.h:56:11:DigitalOutputs::~DigitalOutputs()	16	static
C:\Users\Casa\Desktop\Eli\Archivos\Xpresso\LPC845_4enLinea\src\Modulos\05-SalidasDigitales/digital_outputs.h:56:11:virtual DigitalOutputs::~DigitalOutputs()	16	static
e:\programas\mcuxpressoide_11.8.0_1165\ide\plugins\com.nxp.mcuxpresso.tools.win32_11.8.0.202306131047\tools\arm-none-eabi\include\c++\12.2.1\bits\stl_list.h:450:14:std::__cxx11::_List_base<Callback*, std::allocator<Callback*> >::_List_impl::~_List_impl()	16	static
e:\programas\mcuxpressoide_11.8.0_1165\ide\plugins\com.nxp.mcuxpresso.tools.win32_11.8.0.202306131047\tools\arm-none-eabi\include\c++\12.2.1\bits\stl_list.h:536:7:std::__cxx11::_List_base<_Tp, _Alloc>::_List_base() [with _Tp = Callback*; _Alloc = std::allocator<Callback*>]	16	static
e:\programas\mcuxpressoide_11.8.0_1165\ide\plugins\com.nxp.mcuxpresso.tools.win32_11.8.0.202306131047\tools\arm-none-eabi\include\c++\12.2.1\bits\stl_list.h:749:7:std::__cxx11::list<_Tp, _Alloc>::list() [with _Tp = Callback*; _Alloc = std::allocator<Callback*>]	16	static
e:\programas\mcuxpressoide_11.8.0_1165\ide\plugins\com.nxp.mcuxpresso.tools.win32_11.8.0.202306131047\tools\arm-none-eabi\include\c++\12.2.1\bits\stl_vector.h:133:14:std::_Vector_base<gpio*, std::allocator<gpio*> >::_Vector_impl::~_Vector_impl()	16	static
e:\programas\mcuxpressoide_11.8.0_1165\ide\plugins\com.nxp.mcuxpresso.tools.win32_11.8.0.202306131047\tools\arm-none-eabi\include\c++\12.2.1\bits\stl_vector.h:312:7:std::_Vector_base<_Tp, _Alloc>::_Vector_base() [with _Tp = gpio*; _Alloc = std::allocator<gpio*>]	16	static
e:\programas\mcuxpressoide_11.8.0_1165\ide\plugins\com.nxp.mcuxpresso.tools.win32_11.8.0.202306131047\tools\arm-none-eabi\include\c++\12.2.1\bits\stl_vector.h:526:7:std::vector<_Tp, _Alloc>::vector() [with _Tp = gpio*; _Alloc = std::allocator<gpio*>]	16	static
../src/aplicacion/inicializarInfotronic.cpp:52:6:void systick_callback()	24	static
../src/aplicacion/inicializarInfotronic.cpp:58:6:void InicializarInfotronic()	48	static
e:\programas\mcuxpressoide_11.8.0_1165\ide\plugins\com.nxp.mcuxpresso.tools.win32_11.8.0.202306131047\tools\arm-none-eabi\include\c++\12.2.1\bits\stl_list.h:455:2:std::__cxx11::_List_base<_Tp, _Alloc>::_List_impl::_List_impl() [with _Tp = Callback*; _Alloc = std::allocator<Callback*>]	16	static
e:\programas\mcuxpressoide_11.8.0_1165\ide\plugins\com.nxp.mcuxpresso.tools.win32_11.8.0.202306131047\tools\arm-none-eabi\include\c++\12.2.1\bits\allocator.h:174:7:std::allocator< <template-parameter-1-1> >::~allocator() [with _Tp = std::_List_node<Callback*>]	16	static
e:\programas\mcuxpressoide_11.8.0_1165\ide\plugins\com.nxp.mcuxpresso.tools.win32_11.8.0.202306131047\tools\arm-none-eabi\include\c++\12.2.1\bits\stl_list.h:574:7:std::__cxx11::_List_base<_Tp, _Alloc>::~_List_base() [with _Tp = Callback*; _Alloc = std::allocator<Callback*>]	16	static
e:\programas\mcuxpressoide_11.8.0_1165\ide\plugins\com.nxp.mcuxpresso.tools.win32_11.8.0.202306131047\tools\arm-none-eabi\include\c++\12.2.1\bits\stl_vector.h:137:2:std::_Vector_base<_Tp, _Alloc>::_Vector_impl::_Vector_impl() [with _Tp = gpio*; _Alloc = std::allocator<gpio*>]	16	static
e:\programas\mcuxpressoide_11.8.0_1165\ide\plugins\com.nxp.mcuxpresso.tools.win32_11.8.0.202306131047\tools\arm-none-eabi\include\c++\12.2.1\bits\allocator.h:174:7:std::allocator< <template-parameter-1-1> >::~allocator() [with _Tp = gpio*]	16	static
e:\programas\mcuxpressoide_11.8.0_1165\ide\plugins\com.nxp.mcuxpresso.tools.win32_11.8.0.202306131047\tools\arm-none-eabi\include\c++\12.2.1\bits\stl_vector.h:364:7:std::_Vector_base<_Tp, _Alloc>::~_Vector_base() [with _Tp = gpio*; _Alloc = std::allocator<gpio*>]	16	static
e:\programas\mcuxpressoide_11.8.0_1165\ide\plugins\com.nxp.mcuxpresso.tools.win32_11.8.0.202306131047\tools\arm-none-eabi\include\c++\12.2.1\bits\stl_list.h:1022:7:std::__cxx11::list<_Tp, _Alloc>::iterator std::__cxx11::list<_Tp, _Alloc>::begin() [with _Tp = Callback*; _Alloc = std::allocator<Callback*>]	24	static
e:\programas\mcuxpressoide_11.8.0_1165\ide\plugins\com.nxp.mcuxpresso.tools.win32_11.8.0.202306131047\tools\arm-none-eabi\include\c++\12.2.1\bits\stl_list.h:1042:7:std::__cxx11::list<_Tp, _Alloc>::iterator std::__cxx11::list<_Tp, _Alloc>::end() [with _Tp = Callback*; _Alloc = std::allocator<Callback*>]	24	static
e:\programas\mcuxpressoide_11.8.0_1165\ide\plugins\com.nxp.mcuxpresso.tools.win32_11.8.0.202306131047\tools\arm-none-eabi\include\c++\12.2.1\bits\stl_list.h:324:7:bool std::operator!=(const _List_iterator<Callback*>::_Self&, const _List_iterator<Callback*>::_Self&)	16	static
e:\programas\mcuxpressoide_11.8.0_1165\ide\plugins\com.nxp.mcuxpresso.tools.win32_11.8.0.202306131047\tools\arm-none-eabi\include\c++\12.2.1\bits\stl_list.h:287:7:std::_List_iterator< <template-parameter-1-1> >::_Self& std::_List_iterator< <template-parameter-1-1> >::operator++() [with _Tp = Callback*]	16	static
e:\programas\mcuxpressoide_11.8.0_1165\ide\plugins\com.nxp.mcuxpresso.tools.win32_11.8.0.202306131047\tools\arm-none-eabi\include\c++\12.2.1\bits\stl_list.h:278:7:_Tp& std::_List_iterator< <template-parameter-1-1> >::operator*() const [with _Tp = Callback*]	16	static
e:\programas\mcuxpressoide_11.8.0_1165\ide\plugins\com.nxp.mcuxpresso.tools.win32_11.8.0.202306131047\tools\arm-none-eabi\include\c++\12.2.1\bits\stl_vector.h:1276:7:void std::vector<_Tp, _Alloc>::push_back(const value_type&) [with _Tp = gpio*; _Alloc = std::allocator<gpio*>]	16	static
e:\programas\mcuxpressoide_11.8.0_1165\ide\plugins\com.nxp.mcuxpresso.tools.win32_11.8.0.202306131047\tools\arm-none-eabi\include\c++\12.2.1\bits\allocator.h:156:7:std::allocator< <template-parameter-1-1> >::allocator() [with _Tp = std::_List_node<Callback*>]	16	static
e:\programas\mcuxpressoide_11.8.0_1165\ide\plugins\com.nxp.mcuxpresso.tools.win32_11.8.0.202306131047\tools\arm-none-eabi\include\c++\12.2.1\bits\new_allocator.h:90:7:std::__new_allocator<_Tp>::~__new_allocator() [with _Tp = std::_List_node<Callback*>]	16	static
e:\programas\mcuxpressoide_11.8.0_1165\ide\plugins\com.nxp.mcuxpresso.tools.win32_11.8.0.202306131047\tools\arm-none-eabi\include\c++\12.2.1\bits\list.tcc:66:5:void std::__cxx11::_List_base<_Tp, _Alloc>::_M_clear() [with _Tp = Callback*; _Alloc = std::allocator<Callback*>]	32	static
e:\programas\mcuxpressoide_11.8.0_1165\ide\plugins\com.nxp.mcuxpresso.tools.win32_11.8.0.202306131047\tools\arm-none-eabi\include\c++\12.2.1\bits\allocator.h:156:7:std::allocator< <template-parameter-1-1> >::allocator() [with _Tp = gpio*]	16	static
e:\programas\mcuxpressoide_11.8.0_1165\ide\plugins\com.nxp.mcuxpresso.tools.win32_11.8.0.202306131047\tools\arm-none-eabi\include\c++\12.2.1\bits\stl_vector.h:99:2:std::_Vector_base<_Tp, _Alloc>::_Vector_impl_data::_Vector_impl_data() [with _Tp = gpio*; _Alloc = std::allocator<gpio*>]	16	static
e:\programas\mcuxpressoide_11.8.0_1165\ide\plugins\com.nxp.mcuxpresso.tools.win32_11.8.0.202306131047\tools\arm-none-eabi\include\c++\12.2.1\bits\new_allocator.h:90:7:std::__new_allocator<_Tp>::~__new_allocator() [with _Tp = gpio*]	16	static
e:\programas\mcuxpressoide_11.8.0_1165\ide\plugins\com.nxp.mcuxpresso.tools.win32_11.8.0.202306131047\tools\arm-none-eabi\include\c++\12.2.1\bits\stl_vector.h:383:7:void std::_Vector_base<_Tp, _Alloc>::_M_deallocate(pointer, std::size_t) [with _Tp = gpio*; _Alloc = std::allocator<gpio*>]	24	static
e:\programas\mcuxpressoide_11.8.0_1165\ide\plugins\com.nxp.mcuxpresso.tools.win32_11.8.0.202306131047\tools\arm-none-eabi\include\c++\12.2.1\bits\stl_list.h:268:7:std::_List_iterator< <template-parameter-1-1> >::_List_iterator(std::__detail::_List_node_base*) [with _Tp = Callback*]	16	static
e:\programas\mcuxpressoide_11.8.0_1165\ide\plugins\com.nxp.mcuxpresso.tools.win32_11.8.0.202306131047\tools\arm-none-eabi\include\c++\12.2.1\bits\stl_list.h:238:18:_Tp* std::_List_node<_Tp>::_M_valptr() [with _Tp = Callback*]	16	static
e:\programas\mcuxpressoide_11.8.0_1165\ide\plugins\com.nxp.mcuxpresso.tools.win32_11.8.0.202306131047\tools\arm-none-eabi\include\c++\12.2.1\bits\alloc_traits.h:511:2:) [with _Up = gpio*; _Args = {gpio* const&}; _Tp = gpio*]	24	static
e:\programas\mcuxpressoide_11.8.0_1165\ide\plugins\com.nxp.mcuxpresso.tools.win32_11.8.0.202306131047\tools\arm-none-eabi\include\c++\12.2.1\bits\stl_vector.h:888:7:std::vector<_Tp, _Alloc>::iterator std::vector<_Tp, _Alloc>::end() [with _Tp = gpio*; _Alloc = std::allocator<gpio*>]	24	static
e:\programas\mcuxpressoide_11.8.0_1165\ide\plugins\com.nxp.mcuxpresso.tools.win32_11.8.0.202306131047\tools\arm-none-eabi\include\c++\12.2.1\bits\vector.tcc:439:7:) [with _Args = {gpio* const&}; _Tp = gpio*; _Alloc = std::allocator<gpio*>]	72	static
e:\programas\mcuxpressoide_11.8.0_1165\ide\plugins\com.nxp.mcuxpresso.tools.win32_11.8.0.202306131047\tools\arm-none-eabi\include\c++\12.2.1\bits\new_allocator.h:80:7:std::__new_allocator<_Tp>::__new_allocator() [with _Tp = std::_List_node<Callback*>]	16	static
e:\programas\mcuxpressoide_11.8.0_1165\ide\plugins\com.nxp.mcuxpresso.tools.win32_11.8.0.202306131047\tools\arm-none-eabi\include\c++\12.2.1\bits\stl_list.h:528:7:std::__cxx11::_List_base<_Tp, _Alloc>::_Node_alloc_type& std::__cxx11::_List_base<_Tp, _Alloc>::_M_get_Node_allocator() [with _Tp = Callback*; _Alloc = std::allocator<Callback*>]	16	static
e:\programas\mcuxpressoide_11.8.0_1165\ide\plugins\com.nxp.mcuxpresso.tools.win32_11.8.0.202306131047\tools\arm-none-eabi\include\c++\12.2.1\bits\alloc_traits.h:531:2:static void std::allocator_traits<std::allocator<_Tp1> >::destroy(allocator_type&, _Up*) [with _Up = Callback*; _Tp = std::_List_node<Callback*>]	16	static
e:\programas\mcuxpressoide_11.8.0_1165\ide\plugins\com.nxp.mcuxpresso.tools.win32_11.8.0.202306131047\tools\arm-none-eabi\include\c++\12.2.1\bits\stl_list.h:521:7:void std::__cxx11::_List_base<_Tp, _Alloc>::_M_put_node(typename _Node_alloc_traits::pointer) [with _Tp = Callback*; _Alloc = std::allocator<Callback*>]	16	static
e:\programas\mcuxpressoide_11.8.0_1165\ide\plugins\com.nxp.mcuxpresso.tools.win32_11.8.0.202306131047\tools\arm-none-eabi\include\c++\12.2.1\bits\new_allocator.h:80:7:std::__new_allocator<_Tp>::__new_allocator() [with _Tp = gpio*]	16	static
e:\programas\mcuxpressoide_11.8.0_1165\ide\plugins\com.nxp.mcuxpresso.tools.win32_11.8.0.202306131047\tools\arm-none-eabi\include\c++\12.2.1\bits\alloc_traits.h:495:7:static void std::allocator_traits<std::allocator<_Tp1> >::deallocate(allocator_type&, pointer, size_type) [with _Tp = gpio*]	24	static
e:\programas\mcuxpressoide_11.8.0_1165\ide\plugins\com.nxp.mcuxpresso.tools.win32_11.8.0.202306131047\tools\arm-none-eabi\include\c++\12.2.1\ext\aligned_buffer.h:72:7:_Tp* __gnu_cxx::__aligned_membuf<_Tp>::_M_ptr() [with _Tp = Callback*]	16	static
e:\programas\mcuxpressoide_11.8.0_1165\ide\plugins\com.nxp.mcuxpresso.tools.win32_11.8.0.202306131047\tools\arm-none-eabi\include\c++\12.2.1\bits\move.h:77:5:constexpr _Tp&& std::forward(typename remove_reference<_Tp>::type&) [with _Tp = gpio* const&]	16	static
e:\programas\mcuxpressoide_11.8.0_1165\ide\plugins\com.nxp.mcuxpresso.tools.win32_11.8.0.202306131047\tools\arm-none-eabi\include\c++\12.2.1\bits\new_allocator.h:173:2:) [with _Up = gpio*; _Args = {gpio* const&}; _Tp = gpio*]	32	static
e:\programas\mcuxpressoide_11.8.0_1165\ide\plugins\com.nxp.mcuxpresso.tools.win32_11.8.0.202306131047\tools\arm-none-eabi\include\c++\12.2.1\bits\stl_iterator.h:1072:7:__gnu_cxx::__normal_iterator<_Iterator, _Container>::__normal_iterator(const _Iterator&) [with _Iterator = gpio**; _Container = std::vector<gpio*>]	16	static
e:\programas\mcuxpressoide_11.8.0_1165\ide\plugins\com.nxp.mcuxpresso.tools.win32_11.8.0.202306131047\tools\arm-none-eabi\include\c++\12.2.1\bits\stl_vector.h:1891:7:std::vector<_Tp, _Alloc>::size_type std::vector<_Tp, _Alloc>::_M_check_len(size_type, const char*) const [with _Tp = gpio*; _Alloc = std::allocator<gpio*>]	40	static
e:\programas\mcuxpressoide_11.8.0_1165\ide\plugins\com.nxp.mcuxpresso.tools.win32_11.8.0.202306131047\tools\arm-none-eabi\include\c++\12.2.1\bits\stl_vector.h:868:7:std::vector<_Tp, _Alloc>::iterator std::vector<_Tp, _Alloc>::begin() [with _Tp = gpio*; _Alloc = std::allocator<gpio*>]	24	static
e:\programas\mcuxpressoide_11.8.0_1165\ide\plugins\com.nxp.mcuxpresso.tools.win32_11.8.0.202306131047\tools\arm-none-eabi\include\c++\12.2.1\bits\stl_iterator.h:1330:5:typename __gnu_cxx::__normal_iterator<_Iterator, _Container>::difference_type __gnu_cxx::operator-(const __normal_iterator<_Iterator, _Container>&, const __normal_iterator<_Iterator, _Container>&) [with _Iterator = gpio**; _Container = std::vector<gpio*>]	24	static
e:\programas\mcuxpressoide_11.8.0_1165\ide\plugins\com.nxp.mcuxpresso.tools.win32_11.8.0.202306131047\tools\arm-none-eabi\include\c++\12.2.1\bits\stl_vector.h:375:7:std::_Vector_base<_Tp, _Alloc>::pointer std::_Vector_base<_Tp, _Alloc>::_M_allocate(std::size_t) [with _Tp = gpio*; _Alloc = std::allocator<gpio*>]	16	static
e:\programas\mcuxpressoide_11.8.0_1165\ide\plugins\com.nxp.mcuxpresso.tools.win32_11.8.0.202306131047\tools\arm-none-eabi\include\c++\12.2.1\bits\stl_vector.h:499:7:static std::vector<_Tp, _Alloc>::pointer std::vector<_Tp, _Alloc>::_S_relocate(pointer, pointer, pointer, _Tp_alloc_type&) [with _Tp = gpio*; _Alloc = std::allocator<gpio*>]	24	static
e:\programas\mcuxpressoide_11.8.0_1165\ide\plugins\com.nxp.mcuxpresso.tools.win32_11.8.0.202306131047\tools\arm-none-eabi\include\c++\12.2.1\bits\stl_iterator.h:1158:7:const _Iterator& __gnu_cxx::__normal_iterator<_Iterator, _Container>::base() const [with _Iterator = gpio**; _Container = std::vector<gpio*>]	16	static
e:\programas\mcuxpressoide_11.8.0_1165\ide\plugins\com.nxp.mcuxpresso.tools.win32_11.8.0.202306131047\tools\arm-none-eabi\include\c++\12.2.1\bits\stl_vector.h:298:7:std::_Vector_base<_Tp, _Alloc>::_Tp_alloc_type& std::_Vector_base<_Tp, _Alloc>::_M_get_Tp_allocator() [with _Tp = gpio*; _Alloc = std::allocator<gpio*>]	16	static
e:\programas\mcuxpressoide_11.8.0_1165\ide\plugins\com.nxp.mcuxpresso.tools.win32_11.8.0.202306131047\tools\arm-none-eabi\include\c++\12.2.1\bits\alloc_traits.h:847:5:void std::_Destroy(_ForwardIterator, _ForwardIterator, allocator<_T2>&) [with _ForwardIterator = gpio**; _Tp = gpio*]	24	static
e:\programas\mcuxpressoide_11.8.0_1165\ide\plugins\com.nxp.mcuxpresso.tools.win32_11.8.0.202306131047\tools\arm-none-eabi\include\c++\12.2.1\bits\new_allocator.h:179:2:void std::__new_allocator<_Tp>::destroy(_Up*) [with _Up = Callback*; _Tp = std::_List_node<Callback*>]	16	static
e:\programas\mcuxpressoide_11.8.0_1165\ide\plugins\com.nxp.mcuxpresso.tools.win32_11.8.0.202306131047\tools\arm-none-eabi\include\c++\12.2.1\bits\alloc_traits.h:495:7:static void std::allocator_traits<std::allocator<_Tp1> >::deallocate(allocator_type&, pointer, size_type) [with _Tp = std::_List_node<Callback*>]	24	static
e:\programas\mcuxpressoide_11.8.0_1165\ide\plugins\com.nxp.mcuxpresso.tools.win32_11.8.0.202306131047\tools\arm-none-eabi\include\c++\12.2.1\bits\new_allocator.h:142:7:void std::__new_allocator<_Tp>::deallocate(_Tp*, size_type) [with _Tp = gpio*]	24	static
e:\programas\mcuxpressoide_11.8.0_1165\ide\plugins\com.nxp.mcuxpresso.tools.win32_11.8.0.202306131047\tools\arm-none-eabi\include\c++\12.2.1\ext\aligned_buffer.h:64:7:void* __gnu_cxx::__aligned_membuf<_Tp>::_M_addr() [with _Tp = Callback*]	16	static
e:\programas\mcuxpressoide_11.8.0_1165\ide\plugins\com.nxp.mcuxpresso.tools.win32_11.8.0.202306131047\tools\arm-none-eabi\include\c++\12.2.1\bits\stl_vector.h:993:7:std::vector<_Tp, _Alloc>::size_type std::vector<_Tp, _Alloc>::max_size() const [with _Tp = gpio*; _Alloc = std::allocator<gpio*>]	16	static
e:\programas\mcuxpressoide_11.8.0_1165\ide\plugins\com.nxp.mcuxpresso.tools.win32_11.8.0.202306131047\tools\arm-none-eabi\include\c++\12.2.1\bits\stl_vector.h:987:7:std::vector<_Tp, _Alloc>::size_type std::vector<_Tp, _Alloc>::size() const [with _Tp = gpio*; _Alloc = std::allocator<gpio*>]	16	static
e:\programas\mcuxpressoide_11.8.0_1165\ide\plugins\com.nxp.mcuxpresso.tools.win32_11.8.0.202306131047\tools\arm-none-eabi\include\c++\12.2.1\bits\stl_algobase.h:254:5:constexpr const _Tp& std::max(const _Tp&, const _Tp&) [with _Tp = unsigned int]	16	static
e:\programas\mcuxpressoide_11.8.0_1165\ide\plugins\com.nxp.mcuxpresso.tools.win32_11.8.0.202306131047\tools\arm-none-eabi\include\c++\12.2.1\bits\alloc_traits.h:463:7:static _Tp* std::allocator_traits<std::allocator<_Tp1> >::allocate(allocator_type&, size_type) [with _Tp = gpio*]	16	static
e:\programas\mcuxpressoide_11.8.0_1165\ide\plugins\com.nxp.mcuxpresso.tools.win32_11.8.0.202306131047\tools\arm-none-eabi\include\c++\12.2.1\bits\stl_uninitialized.h:1127:5:_ForwardIterator std::__relocate_a(_InputIterator, _InputIterator, _ForwardIterator, _Allocator&) [with _InputIterator = gpio**; _ForwardIterator = gpio**; _Allocator = allocator<gpio*>]	32	static
e:\programas\mcuxpressoide_11.8.0_1165\ide\plugins\com.nxp.mcuxpresso.tools.win32_11.8.0.202306131047\tools\arm-none-eabi\include\c++\12.2.1\bits\stl_construct.h:182:5:void std::_Destroy(_ForwardIterator, _ForwardIterator) [with _ForwardIterator = gpio**]	16	static
e:\programas\mcuxpressoide_11.8.0_1165\ide\plugins\com.nxp.mcuxpresso.tools.win32_11.8.0.202306131047\tools\arm-none-eabi\include\c++\12.2.1\bits\new_allocator.h:142:7:void std::__new_allocator<_Tp>::deallocate(_Tp*, size_type) [with _Tp = std::_List_node<Callback*>]	24	static
e:\programas\mcuxpressoide_11.8.0_1165\ide\plugins\com.nxp.mcuxpresso.tools.win32_11.8.0.202306131047\tools\arm-none-eabi\include\c++\12.2.1\bits\stl_vector.h:1911:7:static std::vector<_Tp, _Alloc>::size_type std::vector<_Tp, _Alloc>::_S_max_size(const _Tp_alloc_type&) [with _Tp = gpio*; _Alloc = std::allocator<gpio*>]	24	static
e:\programas\mcuxpressoide_11.8.0_1165\ide\plugins\com.nxp.mcuxpresso.tools.win32_11.8.0.202306131047\tools\arm-none-eabi\include\c++\12.2.1\bits\stl_vector.h:303:7:const std::_Vector_base<_Tp, _Alloc>::_Tp_alloc_type& std::_Vector_base<_Tp, _Alloc>::_M_get_Tp_allocator() const [with _Tp = gpio*; _Alloc = std::allocator<gpio*>]	16	static
e:\programas\mcuxpressoide_11.8.0_1165\ide\plugins\com.nxp.mcuxpresso.tools.win32_11.8.0.202306131047\tools\arm-none-eabi\include\c++\12.2.1\bits\new_allocator.h:112:7:_Tp* std::__new_allocator<_Tp>::allocate(size_type, const void*) [with _Tp = gpio*]	24	static
e:\programas\mcuxpressoide_11.8.0_1165\ide\plugins\com.nxp.mcuxpresso.tools.win32_11.8.0.202306131047\tools\arm-none-eabi\include\c++\12.2.1\bits\stl_algobase.h:313:5:_Iterator std::__niter_base(_Iterator) [with _Iterator = gpio**]	16	static
e:\programas\mcuxpressoide_11.8.0_1165\ide\plugins\com.nxp.mcuxpresso.tools.win32_11.8.0.202306131047\tools\arm-none-eabi\include\c++\12.2.1\bits\stl_uninitialized.h:1100:5:std::__enable_if_t<std::__is_bitwise_relocatable<_Tp>::value, _Tp*> std::__relocate_a_1(_Tp*, _Tp*, _Tp*, allocator<_T2>&) [with _Tp = gpio*; _Up = gpio*]	32	static
e:\programas\mcuxpressoide_11.8.0_1165\ide\plugins\com.nxp.mcuxpresso.tools.win32_11.8.0.202306131047\tools\arm-none-eabi\include\c++\12.2.1\bits\stl_construct.h:172:9:static void std::_Destroy_aux<true>::__destroy(_ForwardIterator, _ForwardIterator) [with _ForwardIterator = gpio**]	16	static
e:\programas\mcuxpressoide_11.8.0_1165\ide\plugins\com.nxp.mcuxpresso.tools.win32_11.8.0.202306131047\tools\arm-none-eabi\include\c++\12.2.1\bits\alloc_traits.h:547:7:static std::allocator_traits<std::allocator<_Tp1> >::size_type std::allocator_traits<std::allocator<_Tp1> >::max_size(const allocator_type&) [with _Tp = gpio*]	16	static
e:\programas\mcuxpressoide_11.8.0_1165\ide\plugins\com.nxp.mcuxpresso.tools.win32_11.8.0.202306131047\tools\arm-none-eabi\include\c++\12.2.1\bits\stl_algobase.h:230:5:constexpr const _Tp& std::min(const _Tp&, const _Tp&) [with _Tp = unsigned int]	16	static
e:\programas\mcuxpressoide_11.8.0_1165\ide\plugins\com.nxp.mcuxpresso.tools.win32_11.8.0.202306131047\tools\arm-none-eabi\include\c++\12.2.1\bits\new_allocator.h:210:7:constexpr std::__new_allocator<_Tp>::size_type std::__new_allocator<_Tp>::_M_max_size() const [with _Tp = gpio*]	16	static
e:\programas\mcuxpressoide_11.8.0_1165\ide\plugins\com.nxp.mcuxpresso.tools.win32_11.8.0.202306131047\tools\arm-none-eabi\include\c++\12.2.1\bits\new_allocator.h:167:7:std::__new_allocator<_Tp>::size_type std::__new_allocator<_Tp>::max_size() const [with _Tp = gpio*]	16	static
e:\programas\mcuxpressoide_11.8.0_1165\ide\plugins\com.nxp.mcuxpresso.tools.win32_11.8.0.202306131047\tools\arm-none-eabi\include\c++\12.2.1\bits\stl_list.h:903:7:std::__cxx11::list<_Tp, _Alloc>::~list() [with _Tp = Callback*; _Alloc = std::allocator<Callback*>]	16	static
../src/aplicacion/inicializarInfotronic.cpp:95:1:void __static_initialization_and_destruction_0(int, int)	32	static
e:\programas\mcuxpressoide_11.8.0_1165\ide\plugins\com.nxp.mcuxpresso.tools.win32_11.8.0.202306131047\tools\arm-none-eabi\include\c++\12.2.1\bits\stl_vector.h:728:7:std::vector<_Tp, _Alloc>::~vector() [with _Tp = gpio*; _Alloc = std::allocator<gpio*>]	24	static
../src/aplicacion/inicializarInfotronic.cpp:95:1:cpp)	8	static
