C:\Users\elias\Desktop\Xpresso\LPC845_MatrizLedV3_4\src\01-pin\in/inputs.h:23:11:inputs::~inputs()	16	static
C:\Users\elias\Desktop\Xpresso\LPC845_MatrizLedV3_4\src\01-pin\in/inputs.h:23:11:virtual inputs::~inputs()	16	static
C:\Users\elias\Desktop\Xpresso\LPC845_MatrizLedV3_4\src\01-pin\out/outputs.h:50:11:outputs::~outputs()	16	static
C:\Users\elias\Desktop\Xpresso\LPC845_MatrizLedV3_4\src\01-pin\out/outputs.h:50:11:virtual outputs::~outputs()	16	static
C:\Users\elias\Desktop\Xpresso\LPC845_MatrizLedV3_4\src\02-gpio/gpio.h:42:7:gpio::~gpio()	16	static
C:\Users\elias\Desktop\Xpresso\LPC845_MatrizLedV3_4\src\02-gpio/gpio.h:42:7:virtual gpio::~gpio()	16	static
../src/Matriz/Led_WS2812B.h:11:5:Led_WS2812B::operator uint32_t() const	16	static
../src/Matriz/matriz.cpp:25:6:void MatrizLed(int)	16	static
../src/Matriz/matriz.cpp:32:6:void setLed(uint32_t, Led_WS2812B)	16	static
../src/Matriz/matriz.cpp:38:6:void setLeds(uint32_t, uint32_t, Led_WS2812B)	32	static
../src/Matriz/matriz.cpp:61:6:void setAllLeds(Led_WS2812B)	16	static
../src/Matriz/matriz.cpp:66:6:void clear()	16	static
../src/Matriz/matriz.cpp:78:13:Led_WS2812B Color(uint8_t, uint8_t, uint8_t)	32	static
../src/Matriz/matriz.cpp:115:6:void show()	16	static
../src/Matriz/matriz.cpp:153:1:void __static_initialization_and_destruction_0(int, int)	24	static
../src/Matriz/matriz.cpp:153:1:cpp)	8	static
