c:\nxp\mcuxpressoide_11.8.1_1197\ide\plugins\com.nxp.mcuxpresso.tools.win32_11.8.1.202308071233\tools\arm-none-eabi\include\c++\12.2.1\bits\stl_list.h:110:7:std::__detail::_List_node_header::_List_node_header()	16	static
c:\nxp\mcuxpressoide_11.8.1_1197\ide\plugins\com.nxp.mcuxpresso.tools.win32_11.8.1.202308071233\tools\arm-none-eabi\include\c++\12.2.1\bits\stl_list.h:150:7:void std::__detail::_List_node_header::_M_init()	16	static
C:\Users\elias\Desktop\Xpresso\LPC845_MatrizLedV3_2\src\01-pin\in/inputs.h:23:11:inputs::~inputs()	16	static
C:\Users\elias\Desktop\Xpresso\LPC845_MatrizLedV3_2\src\01-pin\in/inputs.h:23:11:virtual inputs::~inputs()	16	static
C:\Users\elias\Desktop\Xpresso\LPC845_MatrizLedV3_2\src\01-pin\out/outputs.h:50:11:outputs::~outputs()	16	static
C:\Users\elias\Desktop\Xpresso\LPC845_MatrizLedV3_2\src\01-pin\out/outputs.h:50:11:virtual outputs::~outputs()	16	static
C:\Users\elias\Desktop\Xpresso\LPC845_MatrizLedV3_2\src\02-gpio/gpio.h:42:7:gpio::~gpio()	16	static
C:\Users\elias\Desktop\Xpresso\LPC845_MatrizLedV3_2\src\02-gpio/gpio.h:42:7:virtual gpio::~gpio()	16	static
C:\Users\elias\Desktop\Xpresso\LPC845_MatrizLedV3_2\src\05-SalidasDigitales/digital_outputs.h:56:11:DigitalOutputs::~DigitalOutputs()	16	static
C:\Users\elias\Desktop\Xpresso\LPC845_MatrizLedV3_2\src\05-SalidasDigitales/digital_outputs.h:56:11:virtual DigitalOutputs::~DigitalOutputs()	16	static
c:\nxp\mcuxpressoide_11.8.1_1197\ide\plugins\com.nxp.mcuxpresso.tools.win32_11.8.1.202308071233\tools\arm-none-eabi\include\c++\12.2.1\bits\stl_list.h:450:14:std::__cxx11::_List_base<Callback*, std::allocator<Callback*> >::_List_impl::~_List_impl()	16	static
c:\nxp\mcuxpressoide_11.8.1_1197\ide\plugins\com.nxp.mcuxpresso.tools.win32_11.8.1.202308071233\tools\arm-none-eabi\include\c++\12.2.1\bits\stl_list.h:536:7:std::__cxx11::_List_base<_Tp, _Alloc>::_List_base() [with _Tp = Callback*; _Alloc = std::allocator<Callback*>]	16	static
c:\nxp\mcuxpressoide_11.8.1_1197\ide\plugins\com.nxp.mcuxpresso.tools.win32_11.8.1.202308071233\tools\arm-none-eabi\include\c++\12.2.1\bits\stl_list.h:749:7:std::__cxx11::list<_Tp, _Alloc>::list() [with _Tp = Callback*; _Alloc = std::allocator<Callback*>]	16	static
../src/aplicacion/inicializarInfotronic.cpp:56:6:void systick_callback()	24	static
../src/aplicacion/inicializarInfotronic.cpp:62:13:void setFlashWaitStates(uint8_t)	24	static
../src/aplicacion/inicializarInfotronic.cpp:80:6:void InicializarInfotronic()	48	static
c:\nxp\mcuxpressoide_11.8.1_1197\ide\plugins\com.nxp.mcuxpresso.tools.win32_11.8.1.202308071233\tools\arm-none-eabi\include\c++\12.2.1\bits\stl_list.h:455:2:std::__cxx11::_List_base<_Tp, _Alloc>::_List_impl::_List_impl() [with _Tp = Callback*; _Alloc = std::allocator<Callback*>]	16	static
c:\nxp\mcuxpressoide_11.8.1_1197\ide\plugins\com.nxp.mcuxpresso.tools.win32_11.8.1.202308071233\tools\arm-none-eabi\include\c++\12.2.1\bits\allocator.h:174:7:std::allocator< <template-parameter-1-1> >::~allocator() [with _Tp = std::_List_node<Callback*>]	16	static
c:\nxp\mcuxpressoide_11.8.1_1197\ide\plugins\com.nxp.mcuxpresso.tools.win32_11.8.1.202308071233\tools\arm-none-eabi\include\c++\12.2.1\bits\stl_list.h:574:7:std::__cxx11::_List_base<_Tp, _Alloc>::~_List_base() [with _Tp = Callback*; _Alloc = std::allocator<Callback*>]	16	static
c:\nxp\mcuxpressoide_11.8.1_1197\ide\plugins\com.nxp.mcuxpresso.tools.win32_11.8.1.202308071233\tools\arm-none-eabi\include\c++\12.2.1\bits\stl_list.h:1022:7:std::__cxx11::list<_Tp, _Alloc>::iterator std::__cxx11::list<_Tp, _Alloc>::begin() [with _Tp = Callback*; _Alloc = std::allocator<Callback*>]	24	static
c:\nxp\mcuxpressoide_11.8.1_1197\ide\plugins\com.nxp.mcuxpresso.tools.win32_11.8.1.202308071233\tools\arm-none-eabi\include\c++\12.2.1\bits\stl_list.h:1042:7:std::__cxx11::list<_Tp, _Alloc>::iterator std::__cxx11::list<_Tp, _Alloc>::end() [with _Tp = Callback*; _Alloc = std::allocator<Callback*>]	24	static
c:\nxp\mcuxpressoide_11.8.1_1197\ide\plugins\com.nxp.mcuxpresso.tools.win32_11.8.1.202308071233\tools\arm-none-eabi\include\c++\12.2.1\bits\stl_list.h:324:7:bool std::operator!=(const _List_iterator<Callback*>::_Self&, const _List_iterator<Callback*>::_Self&)	16	static
c:\nxp\mcuxpressoide_11.8.1_1197\ide\plugins\com.nxp.mcuxpresso.tools.win32_11.8.1.202308071233\tools\arm-none-eabi\include\c++\12.2.1\bits\stl_list.h:287:7:std::_List_iterator< <template-parameter-1-1> >::_Self& std::_List_iterator< <template-parameter-1-1> >::operator++() [with _Tp = Callback*]	16	static
c:\nxp\mcuxpressoide_11.8.1_1197\ide\plugins\com.nxp.mcuxpresso.tools.win32_11.8.1.202308071233\tools\arm-none-eabi\include\c++\12.2.1\bits\stl_list.h:278:7:_Tp& std::_List_iterator< <template-parameter-1-1> >::operator*() const [with _Tp = Callback*]	16	static
c:\nxp\mcuxpressoide_11.8.1_1197\ide\plugins\com.nxp.mcuxpresso.tools.win32_11.8.1.202308071233\tools\arm-none-eabi\include\c++\12.2.1\bits\allocator.h:156:7:std::allocator< <template-parameter-1-1> >::allocator() [with _Tp = std::_List_node<Callback*>]	16	static
c:\nxp\mcuxpressoide_11.8.1_1197\ide\plugins\com.nxp.mcuxpresso.tools.win32_11.8.1.202308071233\tools\arm-none-eabi\include\c++\12.2.1\bits\new_allocator.h:90:7:std::__new_allocator<_Tp>::~__new_allocator() [with _Tp = std::_List_node<Callback*>]	16	static
c:\nxp\mcuxpressoide_11.8.1_1197\ide\plugins\com.nxp.mcuxpresso.tools.win32_11.8.1.202308071233\tools\arm-none-eabi\include\c++\12.2.1\bits\list.tcc:66:5:void std::__cxx11::_List_base<_Tp, _Alloc>::_M_clear() [with _Tp = Callback*; _Alloc = std::allocator<Callback*>]	32	static
c:\nxp\mcuxpressoide_11.8.1_1197\ide\plugins\com.nxp.mcuxpresso.tools.win32_11.8.1.202308071233\tools\arm-none-eabi\include\c++\12.2.1\bits\stl_list.h:268:7:std::_List_iterator< <template-parameter-1-1> >::_List_iterator(std::__detail::_List_node_base*) [with _Tp = Callback*]	16	static
c:\nxp\mcuxpressoide_11.8.1_1197\ide\plugins\com.nxp.mcuxpresso.tools.win32_11.8.1.202308071233\tools\arm-none-eabi\include\c++\12.2.1\bits\stl_list.h:238:18:_Tp* std::_List_node<_Tp>::_M_valptr() [with _Tp = Callback*]	16	static
c:\nxp\mcuxpressoide_11.8.1_1197\ide\plugins\com.nxp.mcuxpresso.tools.win32_11.8.1.202308071233\tools\arm-none-eabi\include\c++\12.2.1\bits\new_allocator.h:80:7:std::__new_allocator<_Tp>::__new_allocator() [with _Tp = std::_List_node<Callback*>]	16	static
c:\nxp\mcuxpressoide_11.8.1_1197\ide\plugins\com.nxp.mcuxpresso.tools.win32_11.8.1.202308071233\tools\arm-none-eabi\include\c++\12.2.1\bits\stl_list.h:528:7:std::__cxx11::_List_base<_Tp, _Alloc>::_Node_alloc_type& std::__cxx11::_List_base<_Tp, _Alloc>::_M_get_Node_allocator() [with _Tp = Callback*; _Alloc = std::allocator<Callback*>]	16	static
c:\nxp\mcuxpressoide_11.8.1_1197\ide\plugins\com.nxp.mcuxpresso.tools.win32_11.8.1.202308071233\tools\arm-none-eabi\include\c++\12.2.1\bits\alloc_traits.h:531:2:static void std::allocator_traits<std::allocator<_Tp1> >::destroy(allocator_type&, _Up*) [with _Up = Callback*; _Tp = std::_List_node<Callback*>]	16	static
c:\nxp\mcuxpressoide_11.8.1_1197\ide\plugins\com.nxp.mcuxpresso.tools.win32_11.8.1.202308071233\tools\arm-none-eabi\include\c++\12.2.1\bits\stl_list.h:521:7:void std::__cxx11::_List_base<_Tp, _Alloc>::_M_put_node(typename _Node_alloc_traits::pointer) [with _Tp = Callback*; _Alloc = std::allocator<Callback*>]	16	static
c:\nxp\mcuxpressoide_11.8.1_1197\ide\plugins\com.nxp.mcuxpresso.tools.win32_11.8.1.202308071233\tools\arm-none-eabi\include\c++\12.2.1\ext\aligned_buffer.h:72:7:_Tp* __gnu_cxx::__aligned_membuf<_Tp>::_M_ptr() [with _Tp = Callback*]	16	static
c:\nxp\mcuxpressoide_11.8.1_1197\ide\plugins\com.nxp.mcuxpresso.tools.win32_11.8.1.202308071233\tools\arm-none-eabi\include\c++\12.2.1\bits\new_allocator.h:179:2:void std::__new_allocator<_Tp>::destroy(_Up*) [with _Up = Callback*; _Tp = std::_List_node<Callback*>]	16	static
c:\nxp\mcuxpressoide_11.8.1_1197\ide\plugins\com.nxp.mcuxpresso.tools.win32_11.8.1.202308071233\tools\arm-none-eabi\include\c++\12.2.1\bits\alloc_traits.h:495:7:static void std::allocator_traits<std::allocator<_Tp1> >::deallocate(allocator_type&, pointer, size_type) [with _Tp = std::_List_node<Callback*>]	24	static
c:\nxp\mcuxpressoide_11.8.1_1197\ide\plugins\com.nxp.mcuxpresso.tools.win32_11.8.1.202308071233\tools\arm-none-eabi\include\c++\12.2.1\ext\aligned_buffer.h:64:7:void* __gnu_cxx::__aligned_membuf<_Tp>::_M_addr() [with _Tp = Callback*]	16	static
c:\nxp\mcuxpressoide_11.8.1_1197\ide\plugins\com.nxp.mcuxpresso.tools.win32_11.8.1.202308071233\tools\arm-none-eabi\include\c++\12.2.1\bits\new_allocator.h:142:7:void std::__new_allocator<_Tp>::deallocate(_Tp*, size_type) [with _Tp = std::_List_node<Callback*>]	24	static
c:\nxp\mcuxpressoide_11.8.1_1197\ide\plugins\com.nxp.mcuxpresso.tools.win32_11.8.1.202308071233\tools\arm-none-eabi\include\c++\12.2.1\bits\stl_list.h:903:7:std::__cxx11::list<_Tp, _Alloc>::~list() [with _Tp = Callback*; _Alloc = std::allocator<Callback*>]	16	static
../src/aplicacion/inicializarInfotronic.cpp:121:1:void __static_initialization_and_destruction_0(int, int)	24	static
../src/aplicacion/inicializarInfotronic.cpp:121:1:cpp)	8	static
