../src/Librerias_externas/Tablero/tablero.cpp:3:1:Tablero::Tablero(uint8_t, uint8_t, MatrizLed&)	48	static
../src/Librerias_externas/Tablero/tablero.cpp:21:6:void Tablero::iniciarTablero()	16	static
../src/Librerias_externas/Tablero/tablero.cpp:30:6:void Tablero::limpiarTablero()	24	static
../src/Librerias_externas/Tablero/tablero.cpp:43:6:void Tablero::llenarTablero()	32	static
../src/Librerias_externas/Tablero/tablero.cpp:56:6:void Tablero::llenarTablero(uint8_t)	32	static
../src/Librerias_externas/Tablero/tablero.cpp:71:6:void Tablero::liberarCasillero(uint8_t, uint8_t)	16	static
../src/Librerias_externas/Tablero/tablero.cpp:80:6:void Tablero::ocuparCasillero(uint8_t, uint8_t)	24	static
../src/Librerias_externas/Tablero/tablero.cpp:89:6:void Tablero::ocuparCasillero(uint8_t, uint8_t, uint8_t)	24	static
../src/Librerias_externas/Tablero/tablero.cpp:98:6:void Tablero::ocuparFila(uint8_t, uint8_t)	32	static
../src/Librerias_externas/Tablero/tablero.cpp:110:6:void Tablero::tirarFicha(uint8_t)	24	static
../src/Librerias_externas/Tablero/tablero.cpp:127:9:uint8_t Tablero::lastRowFree(uint8_t)	24	static
../src/Librerias_externas/Tablero/tablero.cpp:141:13:Led_WS2812B Tablero::getColor1()	24	static
../src/Librerias_externas/Tablero/tablero.cpp:146:6:void Tablero::setColor1(uint8_t, uint8_t, uint8_t)	24	static
../src/Librerias_externas/Tablero/tablero.cpp:151:6:void Tablero::setColor1(Led_WS2812B)	16	static
../src/Librerias_externas/Tablero/tablero.cpp:156:13:Led_WS2812B Tablero::getColor2()	32	static
../src/Librerias_externas/Tablero/tablero.cpp:161:6:void Tablero::setColor2(uint8_t, uint8_t, uint8_t)	24	static
../src/Librerias_externas/Tablero/tablero.cpp:166:6:void Tablero::setColor2(Led_WS2812B)	16	static
../src/Librerias_externas/Tablero/tablero.cpp:171:13:Led_WS2812B Tablero::getColor(uint8_t)	32	static
../src/Librerias_externas/Tablero/tablero.cpp:178:6:void Tablero::setColor(uint8_t, uint8_t, uint8_t, uint8_t)	24	static
../src/Librerias_externas/Tablero/tablero.cpp:184:6:void Tablero::setColor(uint8_t, Led_WS2812B)	24	static
../src/Librerias_externas/Tablero/tablero.cpp:190:6:void Tablero::setPlayer(uint8_t)	16	static
../src/Librerias_externas/Tablero/tablero.cpp:196:9:uint8_t Tablero::getPlayer()	16	static
../src/Librerias_externas/Tablero/tablero.cpp:201:6:void Tablero::changePlayer()	16	static
../src/Librerias_externas/Tablero/tablero.cpp:206:6:void Tablero::setColumnaActual(uint8_t)	16	static
../src/Librerias_externas/Tablero/tablero.cpp:212:9:uint8_t Tablero::getColumnaActual()	16	static
../src/Librerias_externas/Tablero/tablero.cpp:217:6:bool Tablero::incrementarColumna(uint8_t)	16	static
../src/Librerias_externas/Tablero/tablero.cpp:227:6:bool Tablero::decrementarColumna(uint8_t)	16	static
../src/Librerias_externas/Tablero/tablero.cpp:237:6:bool Tablero::checkWinner()	48	static
../src/Librerias_externas/Tablero/tablero.cpp:290:6:bool Tablero::checkFullBoard()	24	static
../src/Librerias_externas/Tablero/tablero.cpp:303:6:bool Tablero::checkFullRow(uint8_t)	24	static
../src/Librerias_externas/Tablero/tablero.cpp:317:6:bool Tablero::checkFullColumn(uint8_t)	24	static
../src/Librerias_externas/Tablero/tablero.cpp:331:1:Tablero::~Tablero()	24	static
../src/Librerias_externas/Tablero/tablero.cpp:336:1:void __static_initialization_and_destruction_0(int, int)	24	static
../src/Librerias_externas/Tablero/tablero.cpp:336:1:cpp)	8	static
