../src/Librerias_externas/Tablero/tablero.cpp:3:1:Tablero::Tablero(uint8_t, uint8_t, MatrizLed&)	48	static
../src/Librerias_externas/Tablero/tablero.cpp:21:6:void Tablero::iniciarTablero()	16	static
../src/Librerias_externas/Tablero/tablero.cpp:30:6:void Tablero::limpiarTablero()	24	static
../src/Librerias_externas/Tablero/tablero.cpp:44:6:void Tablero::llenarTablero()	32	static
../src/Librerias_externas/Tablero/tablero.cpp:58:6:void Tablero::llenarTablero(uint8_t)	32	static
../src/Librerias_externas/Tablero/tablero.cpp:73:6:void Tablero::liberarCasillero(uint8_t, uint8_t)	16	static
../src/Librerias_externas/Tablero/tablero.cpp:83:6:void Tablero::ocuparCasillero(uint8_t, uint8_t)	24	static
../src/Librerias_externas/Tablero/tablero.cpp:93:6:void Tablero::ocuparCasillero(uint8_t, uint8_t, uint8_t)	24	static
../src/Librerias_externas/Tablero/tablero.cpp:102:6:void Tablero::ocuparFila(uint8_t, uint8_t)	32	static
../src/Librerias_externas/Tablero/tablero.cpp:114:6:void Tablero::tirarFicha(uint8_t)	24	static
../src/Librerias_externas/Tablero/tablero.cpp:131:9:uint8_t Tablero::lastRowFree(uint8_t)	24	static
../src/Librerias_externas/Tablero/tablero.cpp:145:13:Led_WS2812B Tablero::getColor1()	24	static
../src/Librerias_externas/Tablero/tablero.cpp:150:6:void Tablero::setColor1(uint8_t, uint8_t, uint8_t)	24	static
../src/Librerias_externas/Tablero/tablero.cpp:155:6:void Tablero::setColor1(Led_WS2812B)	16	static
../src/Librerias_externas/Tablero/tablero.cpp:160:13:Led_WS2812B Tablero::getColor2()	32	static
../src/Librerias_externas/Tablero/tablero.cpp:165:6:void Tablero::setColor2(uint8_t, uint8_t, uint8_t)	24	static
../src/Librerias_externas/Tablero/tablero.cpp:170:6:void Tablero::setColor2(Led_WS2812B)	16	static
../src/Librerias_externas/Tablero/tablero.cpp:175:13:Led_WS2812B Tablero::getColor(uint8_t)	32	static
../src/Librerias_externas/Tablero/tablero.cpp:182:6:void Tablero::setColor(uint8_t, uint8_t, uint8_t, uint8_t)	24	static
../src/Librerias_externas/Tablero/tablero.cpp:188:6:void Tablero::setColor(uint8_t, Led_WS2812B)	24	static
../src/Librerias_externas/Tablero/tablero.cpp:194:6:void Tablero::setPlayer(uint8_t)	16	static
../src/Librerias_externas/Tablero/tablero.cpp:200:9:uint8_t Tablero::getPlayer()	16	static
../src/Librerias_externas/Tablero/tablero.cpp:205:6:void Tablero::changePlayer()	16	static
../src/Librerias_externas/Tablero/tablero.cpp:210:6:void Tablero::setColumnaActual(uint8_t)	16	static
../src/Librerias_externas/Tablero/tablero.cpp:216:9:uint8_t Tablero::getColumnaActual()	16	static
../src/Librerias_externas/Tablero/tablero.cpp:221:6:bool Tablero::incrementarColumna(uint8_t)	16	static
../src/Librerias_externas/Tablero/tablero.cpp:231:6:bool Tablero::decrementarColumna(uint8_t)	16	static
../src/Librerias_externas/Tablero/tablero.cpp:241:6:bool Tablero::checkWinner()	48	static
../src/Librerias_externas/Tablero/tablero.cpp:294:6:bool Tablero::checkFullBoard()	24	static
../src/Librerias_externas/Tablero/tablero.cpp:307:6:bool Tablero::checkFullRow(uint8_t)	24	static
../src/Librerias_externas/Tablero/tablero.cpp:321:6:bool Tablero::checkFullColumn(uint8_t)	24	static
../src/Librerias_externas/Tablero/tablero.cpp:335:1:Tablero::~Tablero()	24	static
../src/Librerias_externas/Tablero/tablero.cpp:340:1:void __static_initialization_and_destruction_0(int, int)	24	static
../src/Librerias_externas/Tablero/tablero.cpp:340:1:cpp)	8	static
