../src/11-adc/Adc.cpp:82:1:Adc::Adc(uint8_t, resultado_t)	16	static
../src/11-adc/Adc.cpp:91:1:Adc::Adc(uint8_t, int32_t (*)(int32_t))	24	static
../src/11-adc/Adc.cpp:100:6:void Adc::Inicializar()	24	static
../src/11-adc/Adc.cpp:154:6:void Adc::Set_mode_end_of_conversion(uint8_t)	16	static
../src/11-adc/Adc.cpp:159:6:void Adc::Set_mode_end_of_sequence(uint8_t)	16	static
../src/11-adc/Adc.cpp:164:6:void Adc::Enable_sequence(uint8_t)	16	static
../src/11-adc/Adc.cpp:169:6:void Adc::Enable_interrupt(uint8_t)	16	static
../src/11-adc/Adc.cpp:174:6:void Adc::Disable_interrupt(uint8_t)	16	static
../src/11-adc/Adc.cpp:179:6:void Adc::Set_clk_div(uint8_t)	16	static
../src/11-adc/Adc.cpp:185:6:void Adc::Set_channels(uint8_t, uint16_t)	24	static
../src/11-adc/Adc.cpp:193:6:void Adc::Start_conversion(uint8_t)	16	static
../src/11-adc/Adc.cpp:198:6:void Adc::Set_burst_mode(uint8_t)	16	static
../src/11-adc/Adc.cpp:205:6:void Adc::Set_single_sequence_mode(uint8_t)	16	static
../src/11-adc/Adc.cpp:212:6:void Adc::Set_step_mode(uint8_t)	16	static
../src/11-adc/Adc.cpp:220:6:void Adc::SeqA_IRQHandler()	32	static
../src/11-adc/Adc.cpp:246:6:void Adc::SeqB_IRQHandler()	16	static
../src/11-adc/Adc.cpp:252:6:void Adc::Thcmp_IRQHandler()	16	static
../src/11-adc/Adc.cpp:258:6:void Adc::Ovr_IRQHandler()	16	static
../src/11-adc/Adc.cpp:264:6:void Adc::Calibrar()	32	static
../src/11-adc/Adc.cpp:290:6:void Adc::Set_filtro(uint32_t)	16	static
../src/11-adc/Adc.cpp:305:6:void ADC_SEQA_IRQHandler()	8	static
../src/11-adc/Adc.cpp:311:6:void ADC_SEQB_IRQHandler()	8	static
../src/11-adc/Adc.cpp:317:6:void ADC_THCMP_IRQHandler()	8	static
../src/11-adc/Adc.cpp:323:6:void ADC_OVR_IRQHandler()	8	static
../src/11-adc/Adc.cpp:330:9:int32_t Adc::Get_resultado()	24	static
../src/11-adc/Adc.cpp:351:10:uint32_t Adc::Promedio()	24	static
../src/11-adc/Adc.cpp:360:1:Adc::~Adc()	16	static
../src/11-adc/Adc.cpp:360:1:virtual Adc::~Adc()	16	static
