../src/Matriz/Led_WS2812B.h:13:5:Led_WS2812B::operator uint32_t() const	16	static
../src/Matriz/matriz.cpp:3:1:MatrizLed::MatrizLed(uint8_t, uint8_t, uint8_t)	32	static
../src/Matriz/matriz.cpp:12:1:MatrizLed::MatrizLed(uart*, uint8_t)	32	static
../src/Matriz/matriz.cpp:21:13:Led_WS2812B MatrizLed::color(uint8_t, uint8_t, uint8_t)	32	static
../src/Matriz/matriz.cpp:32:6:void MatrizLed::setLed(uint8_t, Led_WS2812B)	24	static
../src/Matriz/matriz.cpp:38:6:void MatrizLed::setLed(uint8_t, uint8_t, uint8_t, uint8_t)	32	static
../src/Matriz/matriz.cpp:43:6:void MatrizLed::setLeds(uint8_t, uint8_t, Led_WS2812B)	40	static
../src/Matriz/matriz.cpp:66:6:void MatrizLed::setLeds(uint8_t, uint8_t, uint8_t, uint8_t, uint8_t)	32	static
../src/Matriz/matriz.cpp:71:6:void MatrizLed::setAllLeds(Led_WS2812B)	16	static
../src/Matriz/matriz.cpp:76:6:void MatrizLed::setAllLeds(uint8_t, uint8_t, uint8_t)	32	static
../src/Matriz/matriz.cpp:81:6:void MatrizLed::clear()	24	static
../src/Matriz/matriz.cpp:86:1:MatrizLed::~MatrizLed()	16	static
../src/Matriz/matriz.cpp:93:6:void MatrizLed::show()	16	static
../src/Matriz/matriz.cpp:101:6:void MatrizLed::showUART()	32	static
../src/Matriz/matriz.cpp:120:6:void MatrizLed::showGPIO()	32	static
../src/Matriz/matriz.cpp:147:6:void MatrizLed::send24Bits(uint32_t)	16	static
