../src/12-USART/uart.cpp:44:1:uart::uart(uint8_t, uint8_t, uint8_t, uint8_t, USART_Type*, uint32_t, bits_de_datos, paridad_t, uint32_t, uint32_t)	32	static
../src/12-USART/uart.cpp:168:1:uart::~uart()	16	static
../src/12-USART/uart.cpp:168:1:virtual uart::~uart()	16	static
../src/12-USART/uart.cpp:172:6:virtual void uart::pushRx(uint8_t)	16	static
../src/12-USART/uart.cpp:179:9:virtual uint8_t uart::popRx(uint8_t*)	16	static
../src/12-USART/uart.cpp:191:6:virtual void uart::pushTx(uint8_t)	16	static
../src/12-USART/uart.cpp:198:9:virtual uint8_t uart::popTx(uint8_t*)	16	static
../src/12-USART/uart.cpp:210:6:virtual void uart::Transmit(const char*)	16	static
../src/12-USART/uart.cpp:225:6:virtual void uart::Transmit(void*, uint32_t)	32	static
../src/12-USART/uart.cpp:239:7:virtual void* uart::Message(void*, uint32_t)	40	static
../src/12-USART/uart.cpp:259:6:void uart::Tx_EnableInterupt()	16	static
../src/12-USART/uart.cpp:264:6:void uart::Tx_DisableInterupt()	16	static
../src/12-USART/uart.cpp:269:6:virtual void uart::UART_IRQHandler()	40	static
../src/12-USART/uart.cpp:295:6:void UART0_IRQHandler()	8	static
../src/12-USART/uart.cpp:299:6:void UART1_IRQHandler()	8	static
../src/12-USART/uart.cpp:303:6:void UART2_IRQHandler()	8	static
../src/12-USART/uart.cpp:307:6:void PININT6_IRQHandler()	8	static
../src/12-USART/uart.cpp:311:7:void PININT7_IRQHandler()	8	static
